warning: Lock file entry 'git+file:///mnt/Home/src/hellas?shallow=1' is unlocked (e.g. lacks a Git revision) but is checked by NAR hash. This is not reproducible and will break after garbage collection or when shared.
warning: Input 'git+file:///mnt/Home/src/hellas?shallow=1' is unlocked (e.g. lacks a Git revision) but is checked by NAR hash. This is not reproducible and will break after garbage collection or when shared.
warning: Lock file entry 'git+file:///mnt/Home/src/hellas?shallow=1' is unlocked (e.g. lacks a Git revision) but is checked by NAR hash. This is not reproducible and will break after garbage collection or when shared.
warning: Input 'git+file:///mnt/Home/src/hellas?shallow=1' is unlocked (e.g. lacks a Git revision) but is checked by NAR hash. This is not reproducible and will break after garbage collection or when shared.
these 68 derivations will be built:
  /nix/store/5nsvdk0h9s7ahl33j305ggqxnlfxwigq-initrd-fstab.drv
  /nix/store/0b3zhb9007450ifhhk7rxn8cdzsrl0g8-initrd-system.conf.drv
  /nix/store/0v34s82l2igfjrz7hm7rl18qb9gp7div-unit-10-lan.network.drv
  /nix/store/b0178zh1lkjx17id0g0q36pzxr1z94yf-system-path.drv
  /nix/store/65szsfx84k0gk1c1anbjykhsshr7hjc5-initrd-hostname.drv
  /nix/store/hqx311d3yyrgg72h8xby8ywchhf2w7zf-unit-00-netboot-eno1.link.drv
  /nix/store/8ba0i1zm8qcqayc7az7w3jhiax0pn43c-unit-initrd-parse-etc.service.drv
  /nix/store/yl064lr86hkzzq14j0a1ccvydcvqb65p-initrd-units.drv
  /nix/store/bqw16ahnmyb4ar7pkqbr8brzz99nsv1w-initrd-linux-thunderbolt-7.2.0-rc2.drv
  /nix/store/49fjnkqskq1s3d4czjjhgmw2l9d2xdhi-dbus-1.drv
  /nix/store/2bsx1kc3lp01q8crfb9cdz2k5cz0nh9d-X-Restart-Triggers-dbus-broker.drv
  /nix/store/8563dgk16d9r61z5694j1fddxhnhb19h-unit-dbus-broker.service.drv
  /nix/store/7k8apw42xzxa6r5f6nagmhbz3h368dzm-user-units.drv
  /nix/store/b2d4nr6vpy6y4rw1zypb9nvyc8isb49m-X-Restart-Triggers-polkit.drv
  /nix/store/723nlgsghm2wqnz4zvj55s9jp51xs7gj-unit-polkit.service.drv
  /nix/store/ssam7xlvv4klrgkyngg1p5fxh0361h8d-X-Reload-Triggers-systemd-networkd.drv
  /nix/store/iy34zf1zlhp0f0gyqyhkd0xbqm4yqcg4-unit-systemd-networkd.service.drv
  /nix/store/va4nkw0h3c3j5wp7zv4yadgg14b5ji61-unit-dbus-broker.service.drv
  /nix/store/r1wf7lrrgm4p7ws872rilx22vq5md6i0-system-units.drv
  /nix/store/ka7myw6xym0yfbg4nvvmld1rpsg5c2ac-etc.drv
  /nix/store/linb60jq9nk679plzkvd5rpif79bj1b2-activate.drv
  /nix/store/qidmdhs3wh7pi9qi5q7d70dc6ldamr5m-boot.json.drv
  /nix/store/rpncs3rmc5a5yn5r3k3xpxdspclw331f-nixos-system-strix-1-26.11.20260718.61b7c44.drv
  /nix/store/d8pqnj5iqr3k1ng39qyw3iw93ph2ng8i-closure-info.drv
  /nix/store/1ndc77gcck4d7mds1cjjgxgc9fx1lyil-netboot-strix-1.ipxe.drv
  /nix/store/xqgynx3y7kjysmz7avd4a41pi8m3k0mh-system-path.drv
  /nix/store/y7bvhfh8gksndw2kiy571p12yc5f3ics-dbus-1.drv
  /nix/store/mrw1z3lnyfwckhv2p7nj7i6wfgn1s8s1-X-Restart-Triggers-dbus-broker.drv
  /nix/store/sgahn11rvpq6kjjg7y4bs6sp0p3lrry3-unit-dbus-broker.service.drv
  /nix/store/52nr8r0cpvqp17fpcwj50ihmyihf4a27-user-units.drv
  /nix/store/lm24y6sivxqz8d1kvkhihw4zw795m783-unit-systemd-networkd.service.drv
  /nix/store/sfyrkyqqdjxbzghda9cmpsnbfqls0fi0-system-units.drv
  /nix/store/77ric7aip81x8m0a5v4q27lhwp8sb96q-etc.drv
  /nix/store/6gy8sbfd5xdm0csbcdn3cy0rcrc94bin-activate.drv
  /nix/store/lvz5xj3bjahj501rk7kkvfsa6yrmzb6k-initrd-fstab.drv
  /nix/store/6q53yj49sm7ixnbh196h3la0m99ffn96-initrd-system.conf.drv
  /nix/store/kbxfdf4p6w9whx5xnwd7d3vlw5h2z5p1-unit-initrd-parse-etc.service.drv
  /nix/store/9yq5ds75hmw47w0bk6kg678kwl7dc2x6-initrd-units.drv
  /nix/store/amazxwl5cjdzk27nmvzqhq5g55r340y9-X-Restart-Triggers-polkit.drv
  /nix/store/v5203j4bkzmna68yh60ligsbg12w8kw8-unit-script-pex-acs-clear-start.drv
  /nix/store/srhdm8frlywhc6z6y0fhdiwqdzccyh02-unit-pex-acs-clear.service.drv
  /nix/store/wy2zf3dx0y1g6r6ks8kmqzvn88j2zwld-unit-dbus-broker.service.drv
  /nix/store/xa59807b2nrxwnjgxarvcjcfa23h1cd4-unit-polkit.service.drv
  /nix/store/ri7p46pp1573v171hmilv9f847qf0pbl-system-units.drv
  /nix/store/kbfp9a40c2lq0905ris66qmwcjwgxjiv-etc.drv
  /nix/store/qkzjjy6k599vwb93c0020yb0jnry8wr7-activate.drv
  /nix/store/snhkh1n5cvzvh363scdq6wsnjlawvswv-nixos-system-strix-3-26.11.20260718.61b7c44.drv
  /nix/store/c3g174q3161wkn71rgywczayb5a992ba-closure-info.drv
  /nix/store/pd8ik1gzy2di8g55lyshkwpv5kgk6y96-netboot-strix-3.ipxe.drv
  /nix/store/da3vyrqv5vbxynd9pfszm38mvlch5y3v-strix-netboot-strix-3.drv
  /nix/store/sj1ysy5f671vlxwi3pckf1lffkw9clkf-strix-netboot-strix-1.drv
  /nix/store/l8v6rspgn7196w6ynk08kvfyqamk2ip3-unit-10-lan.network.drv
  /nix/store/li5m057f5cmv6s27y7yn6h1g5zm8gvxg-unit-00-netboot-eno1.link.drv
  /nix/store/qqhhiv8gskn27fbg5f6w3sm041rdxq91-initrd-hostname.drv
  /nix/store/vd3fq043scj3mwslslc2x5cycgicz2jy-initrd-linux-thunderbolt-7.2.0-rc2.drv
  /nix/store/d0f8h7qw4xknrajipj8j8sdqnnymi86y-boot.json.drv
  /nix/store/dadsl3cn1575cl0ilr2ny5zpxnnrjzw9-nixos-system-strix-4-26.11.20260718.61b7c44.drv
  /nix/store/xhfj47kjvhz4c3q5gvq86fq90pxqh0qg-closure-info.drv
  /nix/store/lppg5c9lxds1bzrwxvllrj8grp05iiw4-netboot-strix-4.ipxe.drv
  /nix/store/sxj63m2jx70h8vp9bsaf7gkg8czh2c7d-strix-netboot-strix-4.drv
  /nix/store/dxhn4ccjcfd7240h8hrabxyvg60wz5zs-nixos-tmpfiles.d.drv
  /nix/store/fzs260dyhyr8sy33mzz0bhm4wczwab9a-tmpfiles.d.drv
  /nix/store/di5b8a1b0rif8qa1nhm8jbmrnjvky74g-X-Restart-Triggers-systemd-tmpfiles-resetup.drv
  /nix/store/gj757qg8b22rh9widagjr55byfaxk3cn-unit-systemd-tmpfiles-resetup.service.drv
  /nix/store/mjql7s0javd24036kv7hbvb6qaqpmlax-system-units.drv
  /nix/store/naz183c67xnm6djkyxc509mrxwrg1f2w-etc.drv
  /nix/store/c27ydssyc8268547ksxsm8ncyjj4j3zx-activate.drv
  /nix/store/rh3wpq57d7xqq4g5ik9zbdiz7ln7xm60-nixos-system-trex-26.11.20260718.61b7c44.drv
building '/nix/store/xqgynx3y7kjysmz7avd4a41pi8m3k0mh-system-path.drv'...
building '/nix/store/v5203j4bkzmna68yh60ligsbg12w8kw8-unit-script-pex-acs-clear-start.drv'...
building '/nix/store/5nsvdk0h9s7ahl33j305ggqxnlfxwigq-initrd-fstab.drv'...
building '/nix/store/lvz5xj3bjahj501rk7kkvfsa6yrmzb6k-initrd-fstab.drv'...
building '/nix/store/ssam7xlvv4klrgkyngg1p5fxh0361h8d-X-Reload-Triggers-systemd-networkd.drv'...
building '/nix/store/65szsfx84k0gk1c1anbjykhsshr7hjc5-initrd-hostname.drv'...
building '/nix/store/qqhhiv8gskn27fbg5f6w3sm041rdxq91-initrd-hostname.drv'...
building '/nix/store/0b3zhb9007450ifhhk7rxn8cdzsrl0g8-initrd-system.conf.drv'...
building '/nix/store/b0178zh1lkjx17id0g0q36pzxr1z94yf-system-path.drv'...
building '/nix/store/amazxwl5cjdzk27nmvzqhq5g55r340y9-X-Restart-Triggers-polkit.drv'...
building '/nix/store/y7bvhfh8gksndw2kiy571p12yc5f3ics-dbus-1.drv'...
building '/nix/store/6q53yj49sm7ixnbh196h3la0m99ffn96-initrd-system.conf.drv'...
building '/nix/store/hqx311d3yyrgg72h8xby8ywchhf2w7zf-unit-00-netboot-eno1.link.drv'...
building '/nix/store/li5m057f5cmv6s27y7yn6h1g5zm8gvxg-unit-00-netboot-eno1.link.drv'...
building '/nix/store/mrw1z3lnyfwckhv2p7nj7i6wfgn1s8s1-X-Restart-Triggers-dbus-broker.drv'...
building '/nix/store/0v34s82l2igfjrz7hm7rl18qb9gp7div-unit-10-lan.network.drv'...
building '/nix/store/b2d4nr6vpy6y4rw1zypb9nvyc8isb49m-X-Restart-Triggers-polkit.drv'...
building '/nix/store/49fjnkqskq1s3d4czjjhgmw2l9d2xdhi-dbus-1.drv'...
building '/nix/store/l8v6rspgn7196w6ynk08kvfyqamk2ip3-unit-10-lan.network.drv'...
building '/nix/store/sgahn11rvpq6kjjg7y4bs6sp0p3lrry3-unit-dbus-broker.service.drv'...
building '/nix/store/wy2zf3dx0y1g6r6ks8kmqzvn88j2zwld-unit-dbus-broker.service.drv'...
building '/nix/store/8ba0i1zm8qcqayc7az7w3jhiax0pn43c-unit-initrd-parse-etc.service.drv'...
building '/nix/store/2bsx1kc3lp01q8crfb9cdz2k5cz0nh9d-X-Restart-Triggers-dbus-broker.drv'...
building '/nix/store/kbxfdf4p6w9whx5xnwd7d3vlw5h2z5p1-unit-initrd-parse-etc.service.drv'...
building '/nix/store/srhdm8frlywhc6z6y0fhdiwqdzccyh02-unit-pex-acs-clear.service.drv'...
building '/nix/store/723nlgsghm2wqnz4zvj55s9jp51xs7gj-unit-polkit.service.drv'...
building '/nix/store/xa59807b2nrxwnjgxarvcjcfa23h1cd4-unit-polkit.service.drv'...
building '/nix/store/yl064lr86hkzzq14j0a1ccvydcvqb65p-initrd-units.drv'...
building '/nix/store/9yq5ds75hmw47w0bk6kg678kwl7dc2x6-initrd-units.drv'...
building '/nix/store/8563dgk16d9r61z5694j1fddxhnhb19h-unit-dbus-broker.service.drv'...
building '/nix/store/va4nkw0h3c3j5wp7zv4yadgg14b5ji61-unit-dbus-broker.service.drv'...
building '/nix/store/iy34zf1zlhp0f0gyqyhkd0xbqm4yqcg4-unit-systemd-networkd.service.drv'...
@@@@@@@@@@@@@@@@@@@@@@@@@@@@@@@@@@@@@@@@@@@@@@@@@@@@@@@@@@@
@    WARNING: REMOTE HOST IDENTIFICATION HAS CHANGED!     @
@@@@@@@@@@@@@@@@@@@@@@@@@@@@@@@@@@@@@@@@@@@@@@@@@@@@@@@@@@@
IT IS POSSIBLE THAT SOMEONE IS DOING SOMETHING NASTY!
Someone could be eavesdropping on you right now (man-in-the-middle attack)!
It is also possible that a host key has just been changed.
The fingerprint for the ED25519 key sent by the remote host is
SHA256:vHl8qCOoavUev04HK9Oeh5njJmWc/iPJIY/1pmhN4P8.
Please contact your system administrator.
Add correct host key in /dev/null to get rid of this message.
Offending ED25519 key in /etc/ssh/ssh_known_hosts:7
Password authentication is disabled to avoid man-in-the-middle attacks.
Keyboard-interactive authentication is disabled to avoid man-in-the-middle attacks.
grw@strix-1.lan.satanic.link: Permission denied (publickey).
cannot build on 'ssh-ng://grw@strix-1.lan.satanic.link': error: failed to start SSH connection to 'strix-1.lan.satanic.link'
building '/nix/store/bqw16ahnmyb4ar7pkqbr8brzz99nsv1w-initrd-linux-thunderbolt-7.2.0-rc2.drv'...
building '/nix/store/vd3fq043scj3mwslslc2x5cycgicz2jy-initrd-linux-thunderbolt-7.2.0-rc2.drv'...
building '/nix/store/ri7p46pp1573v171hmilv9f847qf0pbl-system-units.drv'...
building '/nix/store/lm24y6sivxqz8d1kvkhihw4zw795m783-unit-systemd-networkd.service.drv'...
building '/nix/store/r1wf7lrrgm4p7ws872rilx22vq5md6i0-system-units.drv'...
building '/nix/store/qidmdhs3wh7pi9qi5q7d70dc6ldamr5m-boot.json.drv'...
building '/nix/store/d0f8h7qw4xknrajipj8j8sdqnnymi86y-boot.json.drv'...
building '/nix/store/52nr8r0cpvqp17fpcwj50ihmyihf4a27-user-units.drv'...
building '/nix/store/sfyrkyqqdjxbzghda9cmpsnbfqls0fi0-system-units.drv'...
building '/nix/store/7k8apw42xzxa6r5f6nagmhbz3h368dzm-user-units.drv'...
building '/nix/store/kbfp9a40c2lq0905ris66qmwcjwgxjiv-etc.drv'...
building '/nix/store/ka7myw6xym0yfbg4nvvmld1rpsg5c2ac-etc.drv'...
building '/nix/store/77ric7aip81x8m0a5v4q27lhwp8sb96q-etc.drv'...
building '/nix/store/qkzjjy6k599vwb93c0020yb0jnry8wr7-activate.drv'...
building '/nix/store/linb60jq9nk679plzkvd5rpif79bj1b2-activate.drv'...
building '/nix/store/6gy8sbfd5xdm0csbcdn3cy0rcrc94bin-activate.drv'...
building '/nix/store/snhkh1n5cvzvh363scdq6wsnjlawvswv-nixos-system-strix-3-26.11.20260718.61b7c44.drv'...
building '/nix/store/rpncs3rmc5a5yn5r3k3xpxdspclw331f-nixos-system-strix-1-26.11.20260718.61b7c44.drv'...
building '/nix/store/dadsl3cn1575cl0ilr2ny5zpxnnrjzw9-nixos-system-strix-4-26.11.20260718.61b7c44.drv'...
building '/nix/store/c3g174q3161wkn71rgywczayb5a992ba-closure-info.drv'...
building '/nix/store/d8pqnj5iqr3k1ng39qyw3iw93ph2ng8i-closure-info.drv'...
building '/nix/store/xhfj47kjvhz4c3q5gvq86fq90pxqh0qg-closure-info.drv'...
building '/nix/store/pd8ik1gzy2di8g55lyshkwpv5kgk6y96-netboot-strix-3.ipxe.drv'...
building '/nix/store/1ndc77gcck4d7mds1cjjgxgc9fx1lyil-netboot-strix-1.ipxe.drv'...
building '/nix/store/lppg5c9lxds1bzrwxvllrj8grp05iiw4-netboot-strix-4.ipxe.drv'...
building '/nix/store/sj1ysy5f671vlxwi3pckf1lffkw9clkf-strix-netboot-strix-1.drv'...
building '/nix/store/da3vyrqv5vbxynd9pfszm38mvlch5y3v-strix-netboot-strix-3.drv'...
building '/nix/store/sxj63m2jx70h8vp9bsaf7gkg8czh2c7d-strix-netboot-strix-4.drv'...
building '/nix/store/dxhn4ccjcfd7240h8hrabxyvg60wz5zs-nixos-tmpfiles.d.drv'...
building '/nix/store/fzs260dyhyr8sy33mzz0bhm4wczwab9a-tmpfiles.d.drv'...
building '/nix/store/di5b8a1b0rif8qa1nhm8jbmrnjvky74g-X-Restart-Triggers-systemd-tmpfiles-resetup.drv'...
building '/nix/store/gj757qg8b22rh9widagjr55byfaxk3cn-unit-systemd-tmpfiles-resetup.service.drv'...
building '/nix/store/mjql7s0javd24036kv7hbvb6qaqpmlax-system-units.drv'...
building '/nix/store/naz183c67xnm6djkyxc509mrxwrg1f2w-etc.drv'...
building '/nix/store/c27ydssyc8268547ksxsm8ncyjj4j3zx-activate.drv'...
building '/nix/store/rh3wpq57d7xqq4g5ik9zbdiz7ln7xm60-nixos-system-trex-26.11.20260718.61b7c44.drv'...
/nix/store/y80jz7ifd6frmlgpacq5wxivybdgynv7-nixos-system-trex-26.11.20260718.61b7c44
/nix/store/2ipghhkggk0dnzch35hw4wmk58rall2c-nixos-system-strix-3-26.11.20260718.61b7c44
